0.51953125
0.5390625
0.6015625
0.51171875
0.5234375
0.45703125
0.55078125
0.609375
0.5234375
0.482421875
0.57421875
0.6640625
0.5546875
0.5
0.578125
0.40234375
0.5078125
0.62890625
0.4609375
0.5234375
0.67578125
0.486328125
0.482421875
0.6015625
0.48046875
0.390625
0.5234375
0.515625
0.60546875
0.48046875
0.5078125
0.47265625
0.55078125
0.515625
0.337890625
0.443359375
0.3671875
0.376953125
0.44921875
0.4296875
0.408203125
0.451171875
0.453125
0.4375
0.439453125
0.390625
0.482421875
0.53125
0.41015625
0.34765625
0.37109375
0.328125
0.392578125
0.5390625
0.333984375
0.4140625
0.232421875
0.458984375
0.2734375
0.310546875
0.5078125
0.328125
0.27734375
0.29296875
0.28515625
0.32421875
0.228515625
0.34375
0.27734375
0.2333984375
0.296875
0.2890625
0.1279296875
0.15625
0.18359375
0.23828125
0.212890625
0.1279296875
0.1298828125
0.212890625
0.07861328125
0.125
0.208984375
0.103515625
0.060302734375
0.09814453125
0.047119140625
0.083984375
0.068359375
0.07568359375
0.052001953125
0.08447265625
0.0947265625
0.08837890625
0.11572265625
0.091796875
0.09619140625
0.142578125
0.041748046875
0.0283203125
0.07763671875
0.0169677734375
0.020263671875
0.03564453125
0.025634765625
0.01446533203125
0.01434326171875
0.03564453125
0.02392578125
0.01513671875
0.0274658203125
0.01458740234375
0.07958984375
0.01385498046875
0.00970458984375
0.039306640625
0.017578125
0.00860595703125
0.00860595703125
0.0130615234375
0.00136566162109375
0.007110595703125
0.0169677734375
0.04248046875
0.0025482177734375
0.026123046875
0.0081787109375
0.00830078125
0.018310546875
0.01177978515625
0.00159454345703125
0.0052490234375
0.0029144287109375
0.003265380859375
0.00775146484375
0.0027618408203125
0.0054931640625
0.0146484375
0.0030975341796875
0.0022125244140625
0.0311279296875
0.00921630859375
0.00081634521484375
0.005615234375
0.000446319580078125
0.002349853515625
0.00079345703125
0.0025177001953125
0.0230712890625
0.0012054443359375
0.0020751953125
0.007568359375
0.0084228515625
0.00043487548828125
0.00176239013671875
0.0025634765625
0.007080078125
0.0010223388671875
0.0011749267578125
0.002777099609375
0.00183868408203125
0.00146484375
0.005767822265625
0.00665283203125
0.003204345703125
0.0016021728515625
0.000919342041015625
0.00083160400390625
0.0030975341796875
0.0009918212890625
0.00130462646484375
0.0013885498046875
0.0006256103515625
0.0003833770751953125
0.00077056884765625
0.00042724609375
0.00115966796875
0.000518798828125
0.0130615234375
0.0025634765625
0.0007476806640625
0.000514984130859375
0.0024566650390625
0.0004062652587890625
0.000415802001953125
0.00174713134765625
0.00128936767578125
0.001953125
0.001708984375
0.000331878662109375
0.000972747802734375
0.00457763671875
0.0003795623779296875
0.000240325927734375
0.0037841796875
0.000579833984375
0.00049591064453125
0.00109100341796875
0.00506591796875
0.000141143798828125
0.00115203857421875
0.0008697509765625
0.00165557861328125
0.0011749267578125
0.000453948974609375
0.00506591796875
0.0002593994140625
0.0002918243408203125
0.0029144287109375
0.000293731689453125
0.00067138671875
0.0003948211669921875
0.00136566162109375
0.00102996826171875
0.001617431640625
0.00012111663818359375
0.0003452301025390625
0.000885009765625
0.00049591064453125
0.00035858154296875
0.00017261505126953125
0.000759124755859375
0.00250244140625
0.0004863739013671875
0.00335693359375
0.0003376007080078125
0.0002269744873046875
0.000354766845703125
0.0003833770751953125
0.002899169921875
8.392333984375e-05
0.0003452301025390625
0.00023555755615234375
0.00084686279296875
0.00010728836059570312
0.000820159912109375
0.00262451171875
0.0003795623779296875
0.00019931793212890625
0.00057220458984375
0.0002040863037109375
0.033447265625
0.001007080078125
0.00012493133544921875
0.000774383544921875
0.00057220458984375
0.0002288818359375
0.0003337860107421875
0.005401611328125
0.00159454345703125
0.00244140625
0.0002727508544921875
0.00016021728515625
0.000362396240234375
0.00110626220703125
0.000335693359375
0.0022735595703125
0.00335693359375
0.00048828125
0.0002231597900390625
9.489059448242188e-05
0.0002880096435546875
0.000354766845703125
0.001129150390625
0.0010986328125
0.0002689361572265625
0.0001277923583984375
0.000614166259765625
0.28515625
0.00188446044921875
0.0022430419921875
0.00078582763671875
0.000858306884765625
0.00080108642578125
0.0003795623779296875
0.002471923828125
0.0003871917724609375
0.00012874603271484375
0.003448486328125
0.000698089599609375
0.000446319580078125
0.0002422332763671875
0.00022029876708984375
0.0018157958984375
0.0004730224609375
0.00064849853515625
0.0001506805419921875
0.00019359588623046875
0.00162506103515625
0.00189208984375
0.00051116943359375
0.0003223419189453125
0.00031280517578125
0.000640869140625
0.00016307830810546875
0.0001678466796875
0.0001850128173828125
0.0021820068359375
0.0003871917724609375
0.006134033203125
0.000858306884765625
0.000499725341796875
0.0004825592041015625
0.0004367828369140625
0.00262451171875
0.000385284423828125
0.000339508056640625
0.00020694732666015625
0.0003337860107421875
0.006561279296875
0.0001773834228515625
0.001312255859375
0.000316619873046875
0.0001239776611328125
0.0002193450927734375
0.0001735687255859375
0.00029754638671875
0.0002536773681640625
0.0003833770751953125
0.003692626953125
0.0023956298828125
0.0009613037109375
0.00012683868408203125
0.000518798828125
0.000274658203125
0.004150390625
0.000640869140625
5.340576171875e-05
0.0003757476806640625
0.000888824462890625
0.0002651214599609375
0.000762939453125
0.00067138671875
0.00018215179443359375
0.0001201629638671875
0.0001354217529296875
7.867813110351562e-05
0.000835418701171875
0.00015926361083984375
0.0012969970703125
0.000949859619140625
0.000339508056640625
0.0001983642578125
0.00384521484375
0.0002689361572265625
6.389617919921875e-05
0.00012063980102539062
0.000865936279296875
0.000164031982421875
0.030029296875
0.18359375
7.390975952148438e-05
0.000766754150390625
0.000881195068359375
0.000209808349609375
0.000255584716796875
0.00011205673217773438
0.0002899169921875
0.000591278076171875
0.000476837158203125
0.00182342529296875
0.000492095947265625
0.000530242919921875
0.00072479248046875
8.0108642578125e-05
0.0003833770751953125
0.0001583099365234375
0.0001354217529296875
0.000965118408203125
0.00118255615234375
0.00018405914306640625
7.82012939453125e-05
0.00010156631469726562
0.000850677490234375
0.0009765625
0.00048828125
0.0003108978271484375
0.00023937225341796875
0.0001888275146484375
0.000263214111328125
0.0001964569091796875
0.00106048583984375
0.000606536865234375
0.000423431396484375
0.000293731689453125
0.00018978118896484375
0.00011539459228515625
0.00023937225341796875
0.000461578369140625
0.000141143798828125
0.00124359130859375
0.001556396484375
0.000701904296875
0.00022792816162109375
0.0001983642578125
6.246566772460938e-05
0.001739501953125
0.0014190673828125
0.00022983551025390625
0.000110626220703125
0.00012493133544921875
0.00013065338134765625
0.0001506805419921875
0.00921630859375
0.00011587142944335938
0.0001678466796875
0.0001010894775390625
8.153915405273438e-05
0.00022411346435546875
0.000461578369140625
8.058547973632812e-05
0.000576019287109375
0.0025787353515625
0.001373291015625
5.7220458984375e-05
0.011962890625
0.0002384185791015625
0.00015354156494140625
0.00054168701171875
0.00025177001953125
0.00034332275390625
0.000247955322265625
0.00189971923828125
0.000911712646484375
0.00018787384033203125
0.0004730224609375
0.000640869140625
7.867813110351562e-05
0.0004367828369140625
6.0558319091796875e-05
0.00016021728515625
0.000659942626953125
0.00010776519775390625
6.961822509765625e-05
0.000827789306640625
0.0001773834228515625
0.00017070770263671875
0.0004749298095703125
0.000560760498046875
0.01708984375
0.0001697540283203125
7.104873657226562e-05
4.029273986816406e-05
0.0002994537353515625
0.001556396484375
0.000335693359375
0.000194549560546875
8.916854858398438e-05
0.000255584716796875
0.000652313232421875
0.000545501708984375
0.000732421875
0.000827789306640625
0.00013637542724609375
0.000339508056640625
0.000194549560546875
0.000835418701171875
0.00201416015625
0.0017852783203125
0.00010824203491210938
6.723403930664062e-05
9.72747802734375e-05
0.00020885467529296875
0.0002593994140625
0.0013275146484375
0.0001201629638671875
0.000499725341796875
0.000133514404296875
8.869171142578125e-05
8.630752563476562e-05
0.00034332275390625
0.000423431396484375
0.00201416015625
0.000629425048828125
0.000263214111328125
8.106231689453125e-05
0.000362396240234375
0.0032958984375
0.00015163421630859375
2.8133392333984375e-05
0.000576019287109375
8.96453857421875e-05
0.00023746490478515625
0.001007080078125
0.0002880096435546875
0.002685546875
0.00018215179443359375
0.0001888275146484375
5.459785461425781e-05
0.00037384033203125
0.00010442733764648438
0.0005950927734375
0.0008544921875
0.00016021728515625
0.0004749298095703125
0.0005340576171875
0.000316619873046875
0.0004138946533203125
0.00023555755615234375
9.298324584960938e-05
0.00034332275390625
0.00070953369140625
0.000713348388671875
0.0003299713134765625
0.00029754638671875
0.0002956390380859375
0.000213623046875
0.000423431396484375
0.000827789306640625
0.0004177093505859375
6.818771362304688e-05
0.000743865966796875
0.00128936767578125
0.0020294189453125
0.00014495849609375
0.0001010894775390625
0.000354766845703125
0.000194549560546875
0.0003719329833984375
9.632110595703125e-05
4.482269287109375e-05
0.000217437744140625
0.0001373291015625
0.00323486328125
0.00011587142944335938
0.000598907470703125
0.00054931640625
0.00012302398681640625
0.00016307830810546875
0.00054931640625
0.000457763671875
0.0001125335693359375
0.000537872314453125
0.00024127960205078125
0.000514984130859375
0.0002765655517578125
0.00038909912109375
0.000396728515625
5.8650970458984375e-05
0.00010061264038085938
0.00037384033203125
0.0004405975341796875
0.00032806396484375
0.0002841949462890625
0.0005340576171875
0.00022602081298828125
0.002410888671875
5.435943603515625e-05
0.0001964569091796875
0.0002765655517578125
0.00049591064453125
0.00014019012451171875
7.390975952148438e-05
7.104873657226562e-05
0.00013256072998046875
0.000194549560546875
0.0023345947265625
0.000331878662109375
0.00016880035400390625
0.00115966796875
0.00023365020751953125
0.000835418701171875
0.00016880035400390625
0.0001125335693359375
0.007171630859375
0.00024127960205078125
0.0048828125
0.0036773681640625
0.00020503997802734375
0.00146484375
0.00011539459228515625
2.944469451904297e-05
0.0011444091796875
0.00026702880859375
0.0001373291015625
6.103515625e-05
0.00090789794921875
0.000102996826171875
0.000102996826171875
0.000286102294921875
0.00013446807861328125
0.0001068115234375
6.198883056640625e-05
0.0001697540283203125
0.0002460479736328125
0.000560760498046875
0.0002994537353515625
4.935264587402344e-05
0.0001697540283203125
0.0017852783203125
8.726119995117188e-05
9.584426879882812e-05
0.0001239776611328125
0.0007171630859375
0.00010967254638671875
3.8623809814453125e-05
0.0001277923583984375
0.001800537109375
0.00092315673828125
0.00164031982421875
0.0010223388671875
0.00048065185546875
0.00122833251953125
0.000362396240234375
0.0003337860107421875
0.00299072265625
0.0016937255859375
0.0001888275146484375
0.0003871917724609375
0.000148773193359375
0.0002422332763671875
0.0003566741943359375
0.000919342041015625
0.0003566741943359375
0.00014591217041015625
0.0001583099365234375
0.000347137451171875
0.000316619873046875
0.00016880035400390625
0.0002689361572265625
0.0002040863037109375
0.00014972686767578125
0.00010251998901367188
0.0001678466796875
0.000698089599609375
0.0003070831298828125
0.000865936279296875
0.00021839141845703125
0.000286102294921875
0.00170135498046875
0.0001811981201171875
0.000576019287109375
0.0001239776611328125
0.00014495849609375
6.079673767089844e-05
0.0078125
0.00128173828125
0.0002269744873046875
0.00102996826171875
8.96453857421875e-05
0.0003032684326171875
0.000469207763671875
0.0003719329833984375
0.0001316070556640625
0.00010395050048828125
0.00010728836059570312
0.0002460479736328125
0.00014495849609375
0.00031280517578125
0.000225067138671875
0.001007080078125
0.00176239013671875
0.00018596649169921875
0.00028228759765625
0.0004482269287109375
0.00014781951904296875
0.000431060791015625
0.000629425048828125
9.202957153320312e-05
0.002410888671875
0.00014591217041015625
0.000514984130859375
0.0017242431640625
0.0001773834228515625
0.00023746490478515625
0.0027923583984375
0.00030517578125
0.000438690185546875
0.00019359588623046875
0.005096435546875
0.000774383544921875
0.00115966796875
0.0002613067626953125
0.00136566162109375
0.00193023681640625
8.7738037109375e-05
0.00028228759765625
0.000263214111328125
0.000640869140625
0.00069427490234375
0.000667572021484375
0.000698089599609375
0.00011205673217773438
0.0003070831298828125
0.002288818359375
0.000133514404296875
0.000171661376953125
0.00010633468627929688
0.000614166259765625
0.00067138671875
0.0001373291015625
8.392333984375e-05
0.00025177001953125
0.000263214111328125
5.1975250244140625e-05
0.002532958984375
3.62396240234375e-05
0.0002841949462890625
0.000202178955078125
0.0002079010009765625
0.00049591064453125
0.00127410888671875
0.00012969970703125
0.0001316070556640625
0.0002956390380859375
0.000362396240234375
0.00022792816162109375
0.00012063980102539062
0.00116729736328125
0.000499725341796875
0.0009918212890625
0.0003032684326171875
9.059906005859375e-05
0.0004215240478515625
0.00014591217041015625
0.000522613525390625
0.00014591217041015625
7.343292236328125e-05
0.0002288818359375
0.00174713134765625
0.0001049041748046875
4.2438507080078125e-05
8.678436279296875e-05
0.0002079010009765625
0.00035858154296875
8.58306884765625e-05
0.0002689361572265625
0.00119781494140625
7.581710815429688e-05
0.0002994537353515625
7.82012939453125e-05
0.0005340576171875
0.0002574920654296875
0.0028533935546875
0.0004482269287109375
0.00035858154296875
0.000324249267578125
0.00518798828125
0.00274658203125
0.00015544891357421875
0.00131988525390625
0.00018978118896484375
0.0002536773681640625
0.0002994537353515625
7.104873657226562e-05
6.866455078125e-05
0.00011873245239257812
0.000946044921875
0.000102996826171875
0.000209808349609375
0.0010528564453125
4.6253204345703125e-05
0.00015926361083984375
0.00025177001953125
6.818771362304688e-05
4.1484832763671875e-05
8.7738037109375e-05
3.7670135498046875e-05
0.00010776519775390625
0.000263214111328125
0.00052642822265625
0.000118255615234375
0.007598876953125
0.0004558563232421875
0.0001850128173828125
0.10009765625
0.0010833740234375
8.535385131835938e-05
0.00025177001953125
0.00015735626220703125
0.00058746337890625
6.341934204101562e-05
0.0004673004150390625
0.0004138946533203125
0.00020503997802734375
7.915496826171875e-05
0.000576019287109375
0.00017452239990234375
0.00010013580322265625
6.914138793945312e-05
0.00016021728515625
8.678436279296875e-05
0.0002307891845703125
8.0108642578125e-05
9.1552734375e-05
0.000598907470703125
0.0004711151123046875
0.0003662109375
0.000194549560546875
0.01116943359375
0.000148773193359375
0.00037384033203125
3.314018249511719e-05
0.00077056884765625
0.000179290771484375
0.000133514404296875
0.0004253387451171875
0.000316619873046875
0.000316619873046875
0.275390625
0.000514984130859375
7.62939453125e-05
4.4345855712890625e-05
6.151199340820312e-05
0.00107574462890625
0.00162506103515625
0.0003814697265625
9.72747802734375e-05
9.1552734375e-05
0.00238037109375
0.000148773193359375
0.00017833709716796875
0.00042724609375
5.459785461425781e-05
0.000240325927734375
0.00141143798828125
0.0001239776611328125
0.002044677734375
0.00045013427734375
5.793571472167969e-05
0.0006561279296875
0.0002651214599609375
0.000759124755859375
0.000316619873046875
0.00014019012451171875
0.000324249267578125
4.4345855712890625e-05
0.000247955322265625
3.528594970703125e-05
0.00191497802734375
0.000194549560546875
0.00043487548828125
0.00014209747314453125
0.000102996826171875
4.482269287109375e-05
0.0032501220703125
0.007781982421875
0.000946044921875
6.437301635742188e-05
0.00063323974609375
5.7220458984375e-05
0.00018310546875
0.00022029876708984375
0.0002956390380859375
0.0001220703125
0.000644683837890625
0.00927734375
0.0001087188720703125
0.000179290771484375
0.000591278076171875
0.00035858154296875
0.00011396408081054688
0.0033721923828125
0.00060272216796875
6.723403930664062e-05
0.00014400482177734375
7.867813110351562e-05
0.000904083251953125
0.0019683837890625
0.00023937225341796875
0.00011920928955078125
8.869171142578125e-05
5.936622619628906e-05
0.0003490447998046875
7.152557373046875e-05
4.410743713378906e-05
5.173683166503906e-05
7.104873657226562e-05
0.0011138916015625
0.00012493133544921875
0.0002384185791015625
3.2901763916015625e-05
0.000659942626953125
0.015380859375
5.412101745605469e-05
8.344650268554688e-05
0.00970458984375
0.0003643035888671875
0.010498046875
0.01611328125
0.003814697265625
0.0006256103515625
0.000255584716796875
8.153915405273438e-05
0.00037384033203125
6.29425048828125e-05
0.0001316070556640625
0.00022029876708984375
0.00049591064453125
0.00019168853759765625
9.107589721679688e-05
0.00015163421630859375
0.0002079010009765625
0.0010223388671875
5.9604644775390625e-05
5.245208740234375e-05
0.0004596710205078125
0.00022125244140625
9.012222290039062e-05
0.000171661376953125
0.00102996826171875
0.00015354156494140625
0.0004425048828125
0.0004138946533203125
5.984306335449219e-05
0.000972747802734375
0.000751495361328125
7.009506225585938e-05
0.00018405914306640625
0.06787109375
0.000804901123046875
0.00015926361083984375
0.000591278076171875
8.630752563476562e-05
0.0002307891845703125
0.000179290771484375
0.0003719329833984375
0.0002040863037109375
0.000850677490234375
5.3882598876953125e-05
0.00115966796875
0.000263214111328125
0.000213623046875
0.0002613067626953125
0.000301361083984375
0.0011444091796875
7.200241088867188e-05
0.00141143798828125
5.14984130859375e-05
0.0003566741943359375
0.00153350830078125
4.7206878662109375e-05
0.0002651214599609375
7.43865966796875e-05
8.58306884765625e-05
0.00023746490478515625
0.000537872314453125
0.0002193450927734375
0.0001392364501953125
0.0004425048828125
0.000308990478515625
0.00087738037109375
7.05718994140625e-05
0.0001888275146484375
0.00011396408081054688
0.00018215179443359375
0.000766754150390625
7.772445678710938e-05
0.00011110305786132812
0.00010013580322265625
0.00152587890625
0.00010538101196289062
0.000762939453125
0.0003662109375
0.00013637542724609375
9.918212890625e-05
0.000743865966796875
0.0001983642578125
0.00011205673217773438
0.00011539459228515625
0.0654296875
0.00017452239990234375
0.00069427490234375
0.00010728836059570312
0.0003414154052734375
0.002105712890625
0.00102996826171875
6.914138793945312e-05
6.29425048828125e-05
0.00014495849609375
0.00185394287109375
4.482269287109375e-05
0.000896453857421875
0.0001392364501953125
0.0001277923583984375
0.00041961669921875
0.00107574462890625
5.7697296142578125e-05
4.38690185546875e-05
0.00014495849609375
5.2928924560546875e-05
0.00011301040649414062
0.00011777877807617188
0.00145721435546875
0.00010824203491210938
0.00372314453125
0.000957489013671875
0.000316619873046875
0.00014591217041015625
0.00010013580322265625
0.00021648406982421875
0.00013637542724609375
8.106231689453125e-05
0.00011682510375976562
0.00016498565673828125
7.724761962890625e-05
5.1975250244140625e-05
8.678436279296875e-05
9.822845458984375e-05
0.0001468658447265625
0.0002994537353515625
6.103515625e-05
7.295608520507812e-05
9.107589721679688e-05
0.0001659393310546875
0.00150299072265625
0.00032806396484375
0.00159454345703125
0.00131988525390625
0.0002231597900390625
0.0001926422119140625
3.4332275390625e-05
5.364418029785156e-05
0.0001926422119140625
0.00010728836059570312
0.0001773834228515625
0.0001888275146484375
0.0118408203125
5.3882598876953125e-05
7.2479248046875e-05
6.628036499023438e-05
0.00101470947265625
0.00011873245239257812
0.00010395050048828125
0.000385284423828125
0.00010251998901367188
0.0015106201171875
0.000194549560546875
9.72747802734375e-05
8.821487426757812e-05
0.0025177001953125
0.0002841949462890625
0.0008392333984375
0.0001430511474609375
0.0052490234375
9.107589721679688e-05
0.0012359619140625
0.00020313262939453125
0.002105712890625
0.0162353515625
9.012222290039062e-05
5.054473876953125e-05
0.00014495849609375
9.34600830078125e-05
9.107589721679688e-05
0.00010824203491210938
0.000148773193359375
0.00010633468627929688
3.1948089599609375e-05
0.00028228759765625
9.5367431640625e-05
0.000133514404296875
5.3882598876953125e-05
1.9669532775878906e-05
3.600120544433594e-05
0.00060272216796875
0.00136566162109375
7.772445678710938e-05
0.00168609619140625
6.866455078125e-05
0.000972747802734375
0.0002288818359375
0.00011444091796875
0.00063323974609375
0.0001373291015625
0.000148773193359375
0.000286102294921875
0.00010824203491210938
6.723403930664062e-05
0.00032806396484375
6.67572021484375e-05
7.772445678710938e-05
0.0003204345703125
0.000812530517578125
0.000141143798828125
0.00104522705078125
0.0002880096435546875
0.000209808349609375
0.000457763671875
0.0003509521484375
5.507469177246094e-05
5.745887756347656e-05
3.7670135498046875e-05
0.00046539306640625
0.0003566741943359375
0.00020885467529296875
0.00015163421630859375
7.867813110351562e-05
0.000301361083984375
6.389617919921875e-05
0.0003204345703125
3.838539123535156e-05
0.00043487548828125
7.343292236328125e-05
0.0004215240478515625
0.000316619873046875
0.0006561279296875
0.00018024444580078125
0.00020599365234375
0.00014019012451171875
4.9114227294921875e-05
0.005401611328125
2.7179718017578125e-05
7.581710815429688e-05
2.7418136596679688e-05
9.1552734375e-05
5.221366882324219e-05
4.1961669921875e-05
0.0017547607421875
0.0003070831298828125
7.62939453125e-05
8.821487426757812e-05
0.0028228759765625
3.743171691894531e-05
0.00010204315185546875
0.000354766845703125
5.626678466796875e-05
6.914138793945312e-05
5.626678466796875e-05
6.198883056640625e-05
0.00018405914306640625
4.1484832763671875e-05
7.915496826171875e-05
0.003082275390625
0.0003528594970703125
0.0001049041748046875
5.6743621826171875e-05
0.00013065338134765625
0.000179290771484375
0.00011157989501953125
0.004913330078125
0.00011682510375976562
0.00110626220703125
0.0001277923583984375
2.1576881408691406e-05
4.673004150390625e-05
0.00013065338134765625
0.00020313262939453125
7.200241088867188e-05
4.1484832763671875e-05
0.00010919570922851562
0.004425048828125
0.0001163482666015625
0.00372314453125
4.267692565917969e-05
0.000644683837890625
0.000171661376953125
0.00092315673828125
0.005035400390625
0.0002994537353515625
8.869171142578125e-05
5.269050598144531e-05
6.914138793945312e-05
6.198883056640625e-05
3.9577484130859375e-05
0.0002422332763671875
0.00013446807861328125
0.000492095947265625
7.2479248046875e-05
0.00074005126953125
0.0001964569091796875
0.00848388671875
0.00023937225341796875
0.00011730194091796875
0.000804901123046875
0.0004138946533203125
8.106231689453125e-05
8.96453857421875e-05
0.01458740234375
0.000156402587890625
0.000518798828125
0.000164031982421875
0.000179290771484375
0.000347137451171875
0.00011682510375976562
0.00011301040649414062
0.0004100799560546875
3.24249267578125e-05
5.8650970458984375e-05
8.249282836914062e-05
0.000457763671875
0.0001049041748046875
0.000732421875
8.678436279296875e-05
0.00014591217041015625
0.00010204315185546875
9.679794311523438e-05
0.000911712646484375
9.34600830078125e-05
0.00012302398681640625
9.584426879882812e-05
0.000339508056640625
0.00011444091796875
7.009506225585938e-05
0.000213623046875
0.00015354156494140625
0.00012969970703125
0.000919342041015625
7.963180541992188e-05
0.0003604888916015625
0.0004215240478515625
0.00019168853759765625
0.0001621246337890625
6.389617919921875e-05
5.4836273193359375e-05
6.008148193359375e-05
0.000400543212890625
0.000492095947265625
0.00026702880859375
3.0994415283203125e-05
0.00127410888671875
0.0001773834228515625
0.00084686279296875
3.5762786865234375e-05
9.679794311523438e-05
5.9604644775390625e-05
8.678436279296875e-05
7.62939453125e-05
3.3855438232421875e-05
0.00020694732666015625
5.793571472167969e-05
0.0007781982421875
0.0004291534423828125
0.00014400482177734375
0.0012969970703125
0.000152587890625
0.0001678466796875
0.00138092041015625
0.00186920166015625
5.078315734863281e-05
6.103515625e-05
0.00011539459228515625
5.555152893066406e-05
5.626678466796875e-05
0.01055908203125
0.000396728515625
0.00012302398681640625
0.0002613067626953125
0.0002002716064453125
0.00031280517578125
9.918212890625e-05
0.000217437744140625
9.489059448242188e-05
0.00010204315185546875
9.918212890625e-05
5.030632019042969e-05
3.504753112792969e-05
7.009506225585938e-05
0.000553131103515625
0.0002918243408203125
0.00018310546875
0.0194091796875
3.075599670410156e-05
0.00016021728515625
8.296966552734375e-05
0.00014495849609375
0.00174713134765625
6.008148193359375e-05
8.440017700195312e-05
0.00084686279296875
0.000553131103515625
0.000217437744140625
0.00021076202392578125
8.296966552734375e-05
4.4345855712890625e-05
0.00124359130859375
0.00030517578125
0.0001888275146484375
9.632110595703125e-05
0.000286102294921875
0.0001220703125
0.00023651123046875
8.58306884765625e-05
0.00012111663818359375
0.000492095947265625
6.4849853515625e-05
8.630752563476562e-05
0.0003337860107421875
0.000255584716796875
0.0810546875
7.390975952148438e-05
0.0004730224609375
0.00011968612670898438
0.004302978515625
0.00022983551025390625
0.00011110305786132812
7.009506225585938e-05
0.0028228759765625
8.0108642578125e-05
0.0002079010009765625
5.5789947509765625e-05
0.0003070831298828125
0.000736236572265625
8.535385131835938e-05
0.0009918212890625
0.00011920928955078125
0.00011348724365234375
0.000576019287109375
0.00014209747314453125
8.20159912109375e-05
0.00177001953125
0.000431060791015625
5.4836273193359375e-05
0.0003490447998046875
0.00136566162109375
4.1961669921875e-05
0.002044677734375
0.0002803802490234375
7.05718994140625e-05
0.00018215179443359375
0.0004787445068359375
0.0001621246337890625
0.000514984130859375
0.001708984375
0.000171661376953125
0.002960205078125
0.0002765655517578125
3.552436828613281e-05
0.0015716552734375
0.00012493133544921875
0.0004177093505859375
0.00021076202392578125
0.01190185546875
0.0001544952392578125
0.000156402587890625
0.000698089599609375
0.0001544952392578125
5.435943603515625e-05
0.00055694580078125
0.00125885009765625
5.8650970458984375e-05
7.05718994140625e-05
4.0531158447265625e-05
7.200241088867188e-05
0.0003871917724609375
0.00017452239990234375
0.00012063980102539062
0.0003757476806640625
0.00017261505126953125
0.00131988525390625
0.0002841949462890625
0.00018310546875
0.013916015625
9.202957153320312e-05
5.435943603515625e-05
6.198883056640625e-05
4.38690185546875e-05
0.000492095947265625
0.00543212890625
0.00010013580322265625
5.602836608886719e-05
0.00154876708984375
0.00022792816162109375
0.000675201416015625
0.00012302398681640625
0.00010919570922851562
8.7738037109375e-05
0.003082275390625
9.72747802734375e-05
3.790855407714844e-05
0.000732421875
9.584426879882812e-05
0.000335693359375
9.632110595703125e-05
0.00023937225341796875
0.00037384033203125
0.0001773834228515625
8.487701416015625e-05
0.0003185272216796875
3.981590270996094e-05
0.00136566162109375
0.00045013427734375
6.914138793945312e-05
0.0137939453125
5.316734313964844e-05
0.0001373291015625
9.1552734375e-05
0.00025177001953125
0.00015163421630859375
6.031990051269531e-05
0.0004673004150390625
0.00074005126953125
0.000278472900390625
0.05908203125
7.677078247070312e-05
0.00154876708984375
6.628036499023438e-05
7.534027099609375e-05
0.00014591217041015625
5.4836273193359375e-05
0.000156402587890625
0.000698089599609375
0.0015106201171875
0.00131988525390625
0.000202178955078125
0.00018310546875
9.34600830078125e-05
0.0005645751953125
3.1948089599609375e-05
0.0002651214599609375
9.632110595703125e-05
4.744529724121094e-05
5.817413330078125e-05
0.00019073486328125
0.000118255615234375
0.00011301040649414062
9.918212890625e-05
0.0002574920654296875
5.5789947509765625e-05
0.00016021728515625
0.0015869140625
0.00160980224609375
0.0001430511474609375
2.5391578674316406e-05
0.001068115234375
6.67572021484375e-05
4.649162292480469e-05
3.1948089599609375e-05
3.8623809814453125e-05
0.0003070831298828125
0.00010824203491210938
3.314018249511719e-05
0.000499725341796875
8.058547973632812e-05
0.000213623046875
5.1021575927734375e-05
0.000125885009765625
0.000640869140625
4.982948303222656e-05
0.0001392364501953125
0.0001354217529296875
4.863739013671875e-05
0.0005950927734375
0.000812530517578125
0.000171661376953125
0.00014400482177734375
0.0002880096435546875
0.00115966796875
2.6464462280273438e-05
5.936622619628906e-05
0.00017261505126953125
0.0011749267578125
5.817413330078125e-05
3.7670135498046875e-05
0.00019741058349609375
0.0003814697265625
0.00121307373046875
5.0067901611328125e-05
0.00022029876708984375
3.62396240234375e-05
3.528594970703125e-05
0.0003185272216796875
0.000484466552734375
0.00020885467529296875
0.00067138671875
0.000125885009765625
0.00016021728515625
0.0003376007080078125
0.00019931793212890625
0.00019741058349609375
0.00020122528076171875
0.0001678466796875
0.001251220703125
0.00013446807861328125
0.00144195556640625
0.0024871826171875
8.58306884765625e-05
2.7298927307128906e-05
0.000347137451171875
3.719329833984375e-05
3.743171691894531e-05
7.05718994140625e-05
0.0002498626708984375
0.00010967254638671875
6.4849853515625e-05
0.00023555755615234375
0.000125885009765625
0.0001430511474609375
0.00010585784912109375
5.7220458984375e-05
0.00014019012451171875
0.0021820068359375
5.054473876953125e-05
0.0003795623779296875
6.437301635742188e-05
0.0003147125244140625
0.00110626220703125
4.887580871582031e-05
0.0002117156982421875
0.00011491775512695312
0.0001430511474609375
0.00010395050048828125
0.0003490447998046875
0.000690460205078125
0.0001544952392578125
0.0004329681396484375
0.0001430511474609375
0.0002536773681640625
0.00011348724365234375
0.00011157989501953125
0.000591278076171875
0.0001220703125
0.00016880035400390625
0.00019359588623046875
0.0001277923583984375
3.1948089599609375e-05
9.107589721679688e-05
0.00115203857421875
0.0001544952392578125
7.581710815429688e-05
4.267692565917969e-05
0.0004405975341796875
0.00015163421630859375
5.125999450683594e-05
0.0003108978271484375
4.8160552978515625e-05
0.0002899169921875
6.246566772460938e-05
6.4849853515625e-05
0.0007171630859375
0.00016021728515625
0.000133514404296875
0.0001087188720703125
8.7738037109375e-05
0.000949859619140625
0.000514984130859375
4.601478576660156e-05
7.295608520507812e-05
0.00019359588623046875
0.00164794921875
0.000446319580078125
5.0067901611328125e-05
0.003509521484375
0.00034332275390625
6.008148193359375e-05
0.0006561279296875
0.00089263916015625
4.57763671875e-05
0.000377655029296875
0.00011444091796875
0.0001049041748046875
0.00012111663818359375
0.00012302398681640625
9.489059448242188e-05
0.0001735687255859375
0.0009765625
0.0003910064697265625
0.00054168701171875
4.673004150390625e-05
7.724761962890625e-05
0.00021457672119140625
0.000209808349609375
0.00011205673217773438
0.000148773193359375
0.0004062652587890625
9.489059448242188e-05
9.1552734375e-05
0.0004482269287109375
0.000324249267578125
0.00013446807861328125
0.0010528564453125
5.936622619628906e-05
0.000583648681640625
0.00018978118896484375
2.4557113647460938e-05
0.000926971435546875
0.0002689361572265625
7.82012939453125e-05
0.00010442733764648438
0.00017833709716796875
3.075599670410156e-05
6.961822509765625e-05
0.00012969970703125
0.00016307830810546875
0.0001373291015625
0.00029754638671875
0.000156402587890625
0.001312255859375
0.00011682510375976562
0.00101470947265625
0.0003833770751953125
0.000568389892578125
0.0004062652587890625
0.00034332275390625
0.00021839141845703125
0.0019989013671875
0.00096893310546875
9.250640869140625e-05
3.886222839355469e-05
5.7697296142578125e-05
0.00010061264038085938
0.00023651123046875
0.002349853515625
0.000499725341796875
0.0019073486328125
9.822845458984375e-05
5.221366882324219e-05
4.458427429199219e-05
0.0009918212890625
0.000125885009765625
0.0004062652587890625
4.792213439941406e-05
3.9577484130859375e-05
0.001190185546875
5.602836608886719e-05
0.00125885009765625
0.0003833770751953125
0.0001277923583984375
0.0002803802490234375
0.000370025634765625
0.003814697265625
0.00640869140625
9.393692016601562e-05
0.00017452239990234375
0.005767822265625
0.0001068115234375
0.000431060791015625
0.000637054443359375
0.0001468658447265625
0.00084686279296875
0.00022125244140625
9.298324584960938e-05
0.00013828277587890625
0.0002613067626953125
9.5367431640625e-05
0.00018024444580078125
2.8371810913085938e-05
0.0003223419189453125
3.0994415283203125e-05
0.00011205673217773438
0.000301361083984375
0.000370025634765625
0.0011444091796875
6.389617919921875e-05
0.00013637542724609375
4.410743713378906e-05
8.153915405273438e-05
8.7738037109375e-05
4.649162292480469e-05
3.4809112548828125e-05
8.344650268554688e-05
0.054443359375
0.00010728836059570312
6.437301635742188e-05
0.0021820068359375
0.0014190673828125
0.0029449462890625
3.790855407714844e-05
0.0004673004150390625
0.0001049041748046875
4.601478576660156e-05
0.000125885009765625
0.0001506805419921875
0.0001354217529296875
0.00011730194091796875
3.838539123535156e-05
0.00102996826171875
5.745887756347656e-05
0.000823974609375
4.267692565917969e-05
0.0001010894775390625
0.0006103515625
0.00121307373046875
5.3882598876953125e-05
0.00010442733764648438
5.2928924560546875e-05
5.3882598876953125e-05
0.00012302398681640625
8.726119995117188e-05
4.863739013671875e-05
0.000244140625
5.0067901611328125e-05
0.00118255615234375
0.0002899169921875
8.20159912109375e-05
0.0002040863037109375
0.000263214111328125
0.0001773834228515625
2.276897430419922e-05
0.0004825592041015625
0.00024318695068359375
8.487701416015625e-05
0.0001163482666015625
7.581710815429688e-05
7.152557373046875e-05
0.00013828277587890625
0.001861572265625
0.00144195556640625
5.316734313964844e-05
0.000514984130859375
3.3855438232421875e-05
0.0004634857177734375
0.00020599365234375
0.000133514404296875
2.5987625122070312e-05
0.0031890869140625
0.0018157958984375
0.00014495849609375
0.000118255615234375
0.00011348724365234375
0.0001773834228515625
0.0001735687255859375
6.4849853515625e-05
0.0001621246337890625
0.00015354156494140625
0.0001354217529296875
3.4809112548828125e-05
0.00016498565673828125
8.296966552734375e-05
0.00014591217041015625
0.0002117156982421875
0.000911712646484375
0.00011301040649414062
7.915496826171875e-05
0.000461578369140625
0.00012874603271484375
0.0004673004150390625
7.486343383789062e-05
5.5789947509765625e-05
0.000827789306640625
0.000225067138671875
0.00015163421630859375
7.104873657226562e-05
4.5299530029296875e-05
0.00017070770263671875
0.00025177001953125
9.250640869140625e-05
0.00012969970703125
0.0001583099365234375
9.393692016601562e-05
0.00011205673217773438
0.0001201629638671875
0.00848388671875
4.267692565917969e-05
0.0004482269287109375
0.00042724609375
0.000148773193359375
3.790855407714844e-05
0.00262451171875
0.000461578369140625
0.00019359588623046875
0.0048828125
0.001678466796875
0.000141143798828125
7.009506225585938e-05
0.00051116943359375
0.00051116943359375
0.00011730194091796875
9.441375732421875e-05
0.00016498565673828125
5.841255187988281e-05
9.202957153320312e-05
0.000782012939453125
0.006591796875
0.00014209747314453125
6.67572021484375e-05
0.0002689361572265625
0.00011968612670898438
0.000377655029296875
0.0001773834228515625
0.00029754638671875
0.00074005126953125
8.96453857421875e-05
0.0001735687255859375
7.104873657226562e-05
0.00141143798828125
0.000152587890625
0.000102996826171875
0.0016632080078125
4.00543212890625e-05
0.000598907470703125
6.580352783203125e-05
7.2479248046875e-05
0.00012493133544921875
5.53131103515625e-05
0.004150390625
0.0001888275146484375
5.984306335449219e-05
0.0009002685546875
0.00013256072998046875
4.458427429199219e-05
4.76837158203125e-05
0.000133514404296875
0.000125885009765625
0.00012969970703125
0.0009765625
0.0004367828369140625
3.719329833984375e-05
4.4345855712890625e-05
0.000213623046875
0.00014495849609375
0.00017452239990234375
0.0001583099365234375
0.000240325927734375
0.00069427490234375
0.00012874603271484375
5.221366882324219e-05
0.0002727508544921875
0.00037384033203125
0.0008697509765625
0.00019931793212890625
0.00015735626220703125
3.5762786865234375e-05
0.000568389892578125
0.00014591217041015625
5.698204040527344e-05
0.00017070770263671875
7.724761962890625e-05
0.0014801025390625
5.745887756347656e-05
8.106231689453125e-05
8.153915405273438e-05
0.000164031982421875
3.4809112548828125e-05
3.6716461181640625e-05
0.0003948211669921875
0.000156402587890625
0.000171661376953125
0.000335693359375
9.632110595703125e-05
0.0003566741943359375
0.001983642578125
9.632110595703125e-05
0.0009002685546875
0.000823974609375
0.000171661376953125
0.00103759765625
0.0002899169921875
0.0001468658447265625
0.00015735626220703125
0.0002651214599609375
0.0003795623779296875
9.965896606445312e-05
0.000152587890625
0.005035400390625
8.296966552734375e-05
6.4849853515625e-05
6.0558319091796875e-05
5.459785461425781e-05
9.1552734375e-05
0.00019931793212890625
6.723403930664062e-05
0.0001201629638671875
0.000148773193359375
0.00011110305786132812
0.0001277923583984375
0.000408172607421875
6.723403930664062e-05
0.000278472900390625
0.00014400482177734375
0.0002079010009765625
9.632110595703125e-05
0.004608154296875
0.001922607421875
2.205371856689453e-05
0.00035858154296875
7.62939453125e-05
0.0003337860107421875
0.0002536773681640625
0.0001621246337890625
0.00011539459228515625
0.00023174285888671875
0.00049591064453125
0.00011777877807617188
7.867813110351562e-05
2.5510787963867188e-05
0.000522613525390625
0.000255584716796875
0.000255584716796875
0.000812530517578125
4.7206878662109375e-05
6.389617919921875e-05
0.0004673004150390625
0.000209808349609375
8.726119995117188e-05
3.4809112548828125e-05
0.0001010894775390625
0.000240325927734375
0.0027313232421875
0.0023193359375
4.458427429199219e-05
4.4345855712890625e-05
0.00021076202392578125
7.343292236328125e-05
0.0001087188720703125
0.0004329681396484375
0.00335693359375
0.0002841949462890625
0.00012493133544921875
0.00020694732666015625
0.0003299713134765625
7.2479248046875e-05
0.000263214111328125
7.772445678710938e-05
0.00020313262939453125
0.00124359130859375
3.910064697265625e-05
0.001495361328125
0.00014209747314453125
0.000965118408203125
8.726119995117188e-05
0.00025177001953125
3.6716461181640625e-05
0.00021648406982421875
0.00045013427734375
0.00016689300537109375
8.869171142578125e-05
3.147125244140625e-05
6.532669067382812e-05
0.00017642974853515625
0.00015163421630859375
4.00543212890625e-05
0.0030517578125
0.00011110305786132812
5.745887756347656e-05
0.00012111663818359375
0.0001678466796875
0.0004520416259765625
4.482269287109375e-05
0.0003795623779296875
0.00013637542724609375
8.344650268554688e-05
0.00024318695068359375
8.58306884765625e-05
0.00091552734375
0.0006256103515625
0.0001983642578125
0.000484466552734375
0.000194549560546875
5.269050598144531e-05
6.198883056640625e-05
0.00041961669921875
0.0002613067626953125
7.295608520507812e-05
4.506111145019531e-05
0.00010251998901367188
0.00014972686767578125
9.775161743164062e-05
8.296966552734375e-05
4.029273986816406e-05
4.6253204345703125e-05
0.00022411346435546875
0.0017852783203125
0.00077056884765625
0.00010633468627929688
0.0001926422119140625
0.000263214111328125
0.0001926422119140625
0.0001068115234375
0.00121307373046875
8.296966552734375e-05
0.005157470703125
0.00011777877807617188
3.4809112548828125e-05
4.315376281738281e-05
6.246566772460938e-05
0.00011348724365234375
0.000141143798828125
0.000209808349609375
0.0004711151123046875
3.528594970703125e-05
0.000308990478515625
0.00014591217041015625
0.00023651123046875
9.870529174804688e-05
0.0002651214599609375
6.866455078125e-05
0.0001468658447265625
0.00012493133544921875
0.00086212158203125
0.00010538101196289062
8.821487426757812e-05
0.00011444091796875
0.000377655029296875
0.00022029876708984375
0.000873565673828125
0.00010204315185546875
6.961822509765625e-05
0.00011348724365234375
4.6253204345703125e-05
4.124641418457031e-05
0.0003833770751953125
7.200241088867188e-05
0.000186920166015625
8.630752563476562e-05
0.000347137451171875
0.0001125335693359375
0.00011301040649414062
6.4849853515625e-05
0.0010223388671875
0.000308990478515625
0.00021839141845703125
0.00014495849609375
3.695487976074219e-05
7.009506225585938e-05
0.000331878662109375
0.0001354217529296875
0.000507354736328125
0.0005340576171875
5.9604644775390625e-05
0.00014781951904296875
4.57763671875e-05
0.000400543212890625
0.000156402587890625
5.4836273193359375e-05
7.2479248046875e-05
0.000385284423828125
0.00112152099609375
0.00017833709716796875
5.745887756347656e-05
7.390975952148438e-05
0.002716064453125
0.00013446807861328125
9.059906005859375e-05
3.814697265625e-05
6.580352783203125e-05
9.441375732421875e-05
0.0001678466796875
0.00019931793212890625
3.5762786865234375e-05
3.504753112792969e-05
0.00015544891357421875
6.961822509765625e-05
0.000518798828125
0.000370025634765625
8.296966552734375e-05
0.0003204345703125
7.152557373046875e-05
0.000331878662109375
4.9591064453125e-05
0.00518798828125
5.6743621826171875e-05
9.298324584960938e-05
5.14984130859375e-05
0.00021648406982421875
6.771087646484375e-05
0.0009918212890625
0.0002765655517578125
0.0001373291015625
7.82012939453125e-05
0.00017261505126953125
0.000125885009765625
0.000606536865234375
0.00017642974853515625
9.72747802734375e-05
6.580352783203125e-05
0.000461578369140625
0.0003662109375
0.0001239776611328125
0.00010633468627929688
4.029273986816406e-05
6.914138793945312e-05
0.00010919570922851562
0.00017547607421875
0.00016498565673828125
0.000339508056640625
0.00011491775512695312
4.1484832763671875e-05
7.104873657226562e-05
7.2479248046875e-05
4.57763671875e-05
0.000278472900390625
5.054473876953125e-05
0.00035858154296875
5.817413330078125e-05
0.000293731689453125
0.000377655029296875
0.00142669677734375
4.506111145019531e-05
0.0040283203125
0.00010442733764648438
0.0002803802490234375
0.000797271728515625
0.0001430511474609375
0.00104522705078125
0.0002593994140625
0.00010919570922851562
0.00010728836059570312
0.0003814697265625
0.0003490447998046875
0.00054168701171875
3.528594970703125e-05
0.001251220703125
3.9577484130859375e-05
0.000164031982421875
7.009506225585938e-05
4.5299530029296875e-05
0.0002574920654296875
0.00014972686767578125
0.00011348724365234375
8.487701416015625e-05
6.628036499023438e-05
0.00012969970703125
0.0001068115234375
7.009506225585938e-05
0.00010156631469726562
0.00010967254638671875
0.00012493133544921875
0.00015735626220703125
7.534027099609375e-05
0.000530242919921875
5.9604644775390625e-05
0.0002727508544921875
9.34600830078125e-05
9.012222290039062e-05
6.437301635742188e-05
0.00628662109375
4.696846008300781e-05
3.600120544433594e-05
6.103515625e-05
0.000888824462890625
6.723403930664062e-05
0.0001659393310546875
9.632110595703125e-05
0.00023365020751953125
0.000179290771484375
0.00024127960205078125
0.0003643035888671875
0.00016307830810546875
0.000640869140625
0.00012159347534179688
0.000713348388671875
0.00010347366333007812
0.00135040283203125
0.00020694732666015625
5.340576171875e-05
7.05718994140625e-05
0.0004520416259765625
0.000385284423828125
0.0012359619140625
0.0002574920654296875
0.00121307373046875
0.000232696533203125
0.0014801025390625
7.2479248046875e-05
0.0025482177734375
6.4849853515625e-05
0.00194549560546875
0.00023937225341796875
8.106231689453125e-05
0.0001659393310546875
8.344650268554688e-05
0.00087738037109375
0.00018978118896484375
8.726119995117188e-05
3.814697265625e-05
0.0005035400390625
4.315376281738281e-05
5.6743621826171875e-05
3.600120544433594e-05
0.0012054443359375
0.00010919570922851562
6.29425048828125e-05
8.726119995117188e-05
7.915496826171875e-05
0.0001621246337890625
0.00021839141845703125
8.0108642578125e-05
0.0001773834228515625
0.0038909912109375
6.580352783203125e-05
0.000293731689453125
5.435943603515625e-05
0.00017547607421875
9.1552734375e-05
0.0004100799560546875
0.00018215179443359375
0.0002269744873046875
5.8650970458984375e-05
5.91278076171875e-05
0.0004520416259765625
8.96453857421875e-05
7.534027099609375e-05
3.5762786865234375e-05
0.000568389892578125
0.00031280517578125
0.000225067138671875
0.0001373291015625
0.0003948211669921875
6.0558319091796875e-05
0.000118255615234375
0.00014400482177734375
0.00104522705078125
0.00023651123046875
0.00016021728515625
0.000415802001953125
0.000293731689453125
0.0040283203125
0.00010061264038085938
3.24249267578125e-05
8.106231689453125e-05
8.058547973632812e-05
0.0002994537353515625
0.00104522705078125
0.00127410888671875
7.772445678710938e-05
0.000102996826171875
5.221366882324219e-05
9.5367431640625e-05
0.00011777877807617188
9.584426879882812e-05
6.914138793945312e-05
9.632110595703125e-05
0.0002460479736328125
5.6743621826171875e-05
0.0001373291015625
9.632110595703125e-05
7.43865966796875e-05
7.963180541992188e-05
0.00015163421630859375
0.0155029296875
9.107589721679688e-05
0.000186920166015625
0.00099945068359375
4.5299530029296875e-05
0.0004863739013671875
0.0030975341796875
0.0028839111328125
0.000431060791015625
0.0007476806640625
8.106231689453125e-05
9.012222290039062e-05
4.363059997558594e-05
0.0015411376953125
0.0025787353515625
0.001953125
0.000164031982421875
0.00150299072265625
0.0003185272216796875
0.00025177001953125
5.841255187988281e-05
9.632110595703125e-05
9.393692016601562e-05
0.0021820068359375
0.000560760498046875
0.00138092041015625
0.00010013580322265625
0.0028228759765625
0.00010776519775390625
0.00020599365234375
4.00543212890625e-05
0.00014591217041015625
6.198883056640625e-05
6.198883056640625e-05
0.0022125244140625
0.00010585784912109375
4.9591064453125e-05
0.000823974609375
4.9591064453125e-05
0.0003833770751953125
0.0003299713134765625
0.00016307830810546875
8.153915405273438e-05
0.00017070770263671875
0.0017852783203125
0.00014591217041015625
0.00457763671875
0.000125885009765625
0.000823974609375
0.0004024505615234375
0.00014209747314453125
0.00010776519775390625
0.000125885009765625
0.003448486328125
0.00048828125
0.00021076202392578125
0.0001926422119140625
0.000637054443359375
0.0001087188720703125
3.5762786865234375e-05
4.601478576660156e-05
0.00086212158203125
0.00012683868408203125
0.00028228759765625
8.7738037109375e-05
4.220008850097656e-05
5.5789947509765625e-05
0.0001354217529296875
6.437301635742188e-05
8.153915405273438e-05
0.000507354736328125
8.821487426757812e-05
0.0002536773681640625
0.00112152099609375
6.246566772460938e-05
0.0001277923583984375
9.1552734375e-05
0.0011138916015625
0.00010061264038085938
7.152557373046875e-05
0.000720977783203125
9.298324584960938e-05
0.000331878662109375
0.00019741058349609375
0.00010347366333007812
0.0002231597900390625
0.0001220703125
0.00010442733764648438
0.0001239776611328125
0.0003795623779296875
3.147125244140625e-05
0.001708984375
7.343292236328125e-05
7.390975952148438e-05
0.01092529296875
5.626678466796875e-05
0.0003566741943359375
0.0001220703125
8.344650268554688e-05
5.7697296142578125e-05
0.0007171630859375
0.000705718994140625
0.0003604888916015625
0.00013446807861328125
0.0002193450927734375
0.0001392364501953125
7.963180541992188e-05
0.000518798828125
4.00543212890625e-05
0.0001201629638671875
0.0001544952392578125
0.000202178955078125
0.0003070831298828125
0.0003070831298828125
8.296966552734375e-05
0.0002002716064453125
0.000904083251953125
0.000766754150390625
7.772445678710938e-05
4.9591064453125e-05
5.2928924560546875e-05
0.00103759765625
0.00017833709716796875
0.00136566162109375
0.00012874603271484375
0.0003032684326171875
0.0003108978271484375
6.771087646484375e-05
7.62939453125e-05
0.0005340576171875
0.0001087188720703125
9.632110595703125e-05
0.006011962890625
4.1484832763671875e-05
0.00038909912109375
7.82012939453125e-05
3.123283386230469e-05
6.341934204101562e-05
0.000156402587890625
3.361701965332031e-05
0.000762939453125
5.340576171875e-05
4.553794860839844e-05
0.0037994384765625
3.409385681152344e-05
7.963180541992188e-05
0.00250244140625
0.000461578369140625
0.00043487548828125
4.029273986816406e-05
0.000308990478515625
0.0005035400390625
0.0001850128173828125
0.0007171630859375
0.0003147125244140625
6.628036499023438e-05
0.000705718994140625
0.00029754638671875
0.003814697265625
0.000370025634765625
0.0015716552734375
0.0001468658447265625
9.918212890625e-05
9.298324584960938e-05
4.9114227294921875e-05
0.000293731689453125
6.198883056640625e-05
0.0008087158203125
0.000339508056640625
7.82012939453125e-05
0.00017261505126953125
6.818771362304688e-05
0.00012063980102539062
7.963180541992188e-05
8.20159912109375e-05
0.0001506805419921875
0.00010967254638671875
0.005859375
0.000308990478515625
0.00011587142944335938
8.344650268554688e-05
5.91278076171875e-05
9.298324584960938e-05
4.553794860839844e-05
0.00015163421630859375
0.00066375732421875
0.00012302398681640625
0.00015163421630859375
0.00010585784912109375
0.00023651123046875
0.001678466796875
9.489059448242188e-05
0.0030517578125
0.0002040863037109375
6.67572021484375e-05
0.00048065185546875
8.249282836914062e-05
5.6743621826171875e-05
0.003204345703125
0.00019741058349609375
0.00086212158203125
0.00031280517578125
0.00013446807861328125
0.000568389892578125
