9.5
8.0
9.5625
10.25
6.8125
8.6875
6.125
6.625
9.6875
8.75
10.3125
10.9375
10.5625
7.40625
10.875
7.28125
10.3125
7.125
11.75
9.375
6.28125
7.125
8.75
8.25
9.4375
6.84375
6.65625
9.875
9.375
6.40625
10.9375
10.125
8.0625
6.75
10.1875
11.375
10.0
8.6875
6.0625
10.0625
5.59375
6.34375
9.3125
9.375
9.5625
7.84375
8.75
8.6875
9.1875
9.25
6.09375
8.5
5.96875
7.8125
9.8125
10.625
7.6875
7.1875
8.0625
4.84375
8.8125
8.1875
9.8125
8.0625
9.0625
7.53125
8.125
5.6875
9.0
8.1875
8.1875
7.78125
7.6875
5.3125
6.03125
8.4375
6.59375
8.0625
5.96875
7.625
7.75
7.15625
5.84375
7.375
5.71875
7.75
6.28125
6.1875
6.84375
6.96875
6.65625
9.3125
8.75
7.9375
7.4375
7.21875
8.875
6.34375
7.59375
8.75
7.15625
10.0
8.125
8.1875
5.03125
7.96875
6.625
7.8125
6.4375
6.34375
6.9375
6.0625
7.03125
8.625
7.75
5.5
6.59375
6.53125
5.6875
6.15625
5.78125
7.40625
5.59375
4.75
6.4375
4.9375
7.75
5.6875
6.21875
5.03125
5.28125
5.875
5.46875
6.625
6.03125
6.3125
6.125
5.53125
4.5
6.28125
6.375
5.40625
6.15625
4.3125
5.40625
5.1875
5.4375
5.5
5.15625
6.25
5.5
5.53125
4.09375
5.84375
4.96875
5.5625
5.78125
4.71875
5.1875
4.8125
5.5625
5.1875
5.78125
4.9375
5.3125
5.375
4.875
5.15625
5.34375
4.71875
5.0
5.21875
4.03125
5.6875
4.59375
5.15625
4.9375
5.03125
4.96875
4.84375
4.21875
5.0
4.71875
5.0
5.125
4.1875
5.28125
4.90625
5.125
4.1875
4.59375
5.125
5.375
4.75
4.5625
4.03125
4.875
4.1875
4.40625
4.3125
4.03125
4.59375
3.9375
4.59375
4.6875
4.3125
4.125
4.21875
3.9375
4.09375
4.25
4.625
3.59375
3.78125
4.6875
3.4375
4.40625
4.4375
3.890625
3.109375
3.6875
4.53125
3.734375
4.0625
4.1875
3.671875
3.9375
3.421875
3.71875
3.703125
4.0
3.734375
4.03125
4.09375
3.6875
3.6875
3.609375
4.03125
4.03125
3.953125
3.515625
3.703125
3.796875
3.546875
3.859375
3.796875
4.125
3.734375
3.515625
3.65625
3.640625
3.8125
3.625
3.546875
3.8125
3.875
3.65625
3.515625
3.75
3.296875
3.265625
3.71875
3.71875
3.515625
3.578125
3.59375
3.65625
3.453125
3.53125
3.53125
3.609375
3.40625
3.375
3.3125
3.40625
3.328125
3.734375
3.375
3.265625
3.515625
3.78125
3.359375
3.1875
3.34375
3.1875
3.40625
3.375
3.484375
3.234375
3.25
3.546875
3.078125
3.109375
3.53125
3.125
3.3125
3.03125
3.3125
3.296875
3.171875
3.140625
3.0
2.984375
3.078125
3.25
3.265625
2.984375
3.015625
3.171875
3.265625
3.0625
3.1875
2.953125
3.046875
3.25
2.796875
2.96875
2.875
3.046875
3.1875
2.953125
2.8125
3.28125
3.1875
2.921875
2.984375
2.859375
3.0
2.921875
2.953125
3.171875
2.921875
3.140625
3.140625
2.953125
2.765625
2.765625
2.84375
3.078125
2.828125
3.109375
3.0625
2.921875
2.984375
2.796875
2.96875
3.015625
2.625
2.984375
2.796875
2.671875
3.015625
2.90625
2.953125
2.9375
2.84375
2.875
3.0
2.921875
2.734375
2.578125
2.796875
2.78125
2.78125
2.78125
2.5
2.640625
2.578125
2.75
2.65625
2.703125
2.546875
2.90625
3.21875
2.921875
2.8125
2.59375
2.421875
2.734375
2.921875
2.65625
2.828125
2.65625
2.6875
2.671875
2.8125
2.59375
2.640625
2.734375
2.75
2.65625
3.046875
2.78125
2.65625
2.6875
2.28125
2.921875
2.4375
2.875
2.59375
2.359375
2.8125
2.578125
2.5
2.5
2.734375
2.78125
2.84375
2.4375
2.421875
2.640625
2.5625
2.640625
2.484375
2.609375
2.8125
2.75
2.53125
2.390625
2.75
2.53125
2.609375
2.65625
2.765625
2.578125
2.234375
2.1875
2.5625
2.15625
2.484375
2.296875
2.421875
2.953125
2.84375
2.609375
2.46875
2.140625
2.359375
2.703125
2.953125
2.546875
2.265625
2.46875
2.0625
2.578125
2.328125
2.1875
2.359375
2.328125
2.4375
2.546875
2.265625
2.265625
2.375
2.328125
2.5625
2.5
2.453125
2.46875
2.234375
2.34375
2.265625
2.46875
2.984375
2.421875
2.078125
2.078125
2.25
2.8125
1.8125
2.515625
2.390625
1.8359375
2.546875
2.078125
1.9453125
2.609375
2.46875
2.46875
2.25
2.25
2.296875
2.625
2.578125
2.8125
2.34375
2.40625
2.34375
2.09375
2.4375
2.625
1.78125
2.515625
2.3125
2.140625
2.296875
2.53125
2.328125
2.71875
2.375
2.125
2.375
2.515625
2.421875
2.375
2.078125
2.171875
2.40625
2.078125
2.4375
2.125
2.1875
2.75
2.0
1.984375
2.640625
2.296875
2.3125
2.578125
2.53125
2.546875
1.84375
2.578125
2.15625
2.359375
2.65625
2.203125
2.359375
2.296875
2.28125
2.03125
2.0
2.34375
2.390625
2.546875
2.1875
2.640625
1.921875
2.234375
2.015625
2.0625
2.234375
1.984375
1.9609375
2.140625
2.234375
1.703125
2.546875
2.296875
1.734375
2.46875
2.515625
3.0
2.515625
2.3125
2.28125
2.328125
1.890625
2.03125
2.015625
2.234375
2.40625
2.234375
2.53125
1.9296875
2.390625
2.453125
2.5625
2.78125
2.171875
2.328125
1.5703125
2.28125
1.921875
2.578125
2.203125
1.8828125
2.34375
2.109375
2.625
1.671875
2.671875
1.9296875
2.28125
1.984375
2.015625
2.328125
2.046875
1.859375
1.8828125
2.078125
2.421875
1.9609375
2.03125
1.8203125
1.7265625
2.28125
2.40625
2.15625
2.234375
2.234375
2.046875
2.25
2.046875
2.75
2.09375
2.1875
2.09375
2.234375
2.203125
1.7578125
1.7109375
2.296875
2.453125
2.28125
2.21875
2.140625
1.9453125
2.125
1.984375
2.671875
2.171875
1.96875
2.0
1.9453125
1.984375
2.484375
2.578125
1.6328125
2.125
2.15625
2.328125
2.859375
2.109375
2.28125
1.8359375
1.9921875
1.9296875
1.796875
1.984375
1.5859375
2.53125
2.421875
1.984375
2.21875
2.953125
1.5234375
2.078125
1.9609375
1.71875
2.6875
2.078125
2.125
2.140625
2.265625
2.078125
2.171875
2.09375
2.234375
2.390625
1.8125
2.859375
1.734375
2.265625
2.5
1.8359375
2.140625
2.515625
2.375
2.1875
1.921875
2.140625
1.6875
2.640625
2.421875
2.4375
2.21875
1.9453125
2.40625
2.140625
2.234375
2.34375
1.6328125
2.359375
1.7109375
2.125
2.21875
1.796875
2.5
2.34375
1.765625
2.640625
2.3125
2.234375
1.75
1.5625
2.28125
2.46875
1.6484375
2.015625
2.265625
2.5
2.71875
2.015625
2.671875
1.796875
1.9609375
1.8046875
1.7734375
2.40625
1.734375
1.6015625
2.046875
1.703125
2.21875
1.8046875
2.703125
2.125
1.71875
1.8828125
2.078125
2.234375
2.234375
2.515625
2.203125
2.203125
2.234375
1.96875
2.09375
2.15625
1.9765625
1.953125
1.640625
2.109375
2.109375
1.6953125
2.515625
2.421875
2.234375
2.34375
2.421875
2.3125
2.15625
2.3125
1.8125
1.9140625
2.828125
1.796875
2.71875
1.765625
2.796875
2.46875
2.3125
2.078125
1.734375
2.5625
2.40625
1.78125
2.5
2.25
2.015625
2.0625
1.9453125
1.96875
2.296875
2.171875
1.96875
2.5
1.984375
1.7734375
2.203125
1.6875
2.75
1.90625
1.9765625
2.046875
2.0625
2.15625
2.0625
1.5859375
1.7578125
2.140625
1.5390625
1.8203125
2.28125
2.203125
1.7265625
1.8359375
2.09375
2.015625
2.421875
2.28125
2.296875
1.953125
2.234375
1.8046875
2.03125
1.6484375
1.8046875
2.109375
2.09375
2.0
2.34375
2.015625
2.09375
2.296875
2.015625
1.8671875
2.109375
1.8359375
2.03125
1.8046875
1.90625
2.34375
1.9375
1.6640625
1.8515625
2.21875
2.171875
2.28125
2.0
1.7734375
2.125
2.640625
1.859375
2.453125
2.515625
2.109375
1.796875
1.6484375
2.296875
2.5625
1.90625
1.7734375
1.9375
2.296875
1.734375
2.53125
1.375
1.65625
1.765625
2.03125
2.46875
2.234375
2.171875
1.8671875
1.6875
1.9140625
1.9765625
2.234375
1.9609375
2.40625
1.9296875
1.5859375
1.953125
2.03125
1.96875
2.671875
2.09375
1.796875
1.421875
2.0
1.6484375
1.6953125
1.546875
2.21875
2.203125
1.90625
1.640625
1.6953125
2.109375
1.609375
2.046875
1.5234375
2.03125
2.296875
2.0625
1.9453125
1.8671875
2.21875
1.828125
1.765625
2.203125
2.078125
1.9140625
2.109375
1.59375
2.265625
1.703125
1.984375
1.9375
1.8203125
1.3515625
1.9765625
2.4375
2.0
1.7109375
2.125
1.46875
1.953125
2.375
1.3984375
2.65625
1.78125
1.7109375
2.296875
2.203125
2.28125
1.984375
2.359375
1.78125
2.28125
2.265625
2.03125
2.609375
2.671875
1.9921875
2.703125
1.90625
2.203125
2.421875
2.09375
2.15625
1.5
1.921875
1.9765625
1.8671875
2.0
1.8125
2.15625
2.734375
1.984375
2.0
1.4921875
1.8203125
2.03125
1.8515625
1.953125
1.671875
2.171875
1.765625
1.8203125
2.21875
2.15625
1.8984375
2.203125
2.296875
2.078125
1.4609375
1.78125
2.484375
1.90625
1.390625
1.765625
2.515625
1.6171875
2.140625
2.375
1.8359375
1.765625
2.265625
2.0
1.78125
1.953125
2.171875
1.6875
1.7890625
1.890625
1.6015625
1.5234375
1.421875
1.6484375
2.28125
2.25
1.625
1.71875
2.265625
2.296875
1.6875
2.015625
2.265625
1.765625
2.015625
2.515625
2.296875
1.953125
1.8984375
1.8203125
1.8515625
2.15625
1.8203125
2.34375
2.359375
1.9140625
1.78125
1.921875
1.859375
2.40625
2.0
2.109375
1.3671875
2.546875
2.015625
2.6875
2.09375
2.109375
1.921875
1.65625
2.421875
2.234375
2.0625
2.453125
1.7734375
2.125
1.828125
2.28125
2.1875
2.328125
1.9609375
1.34375
1.4921875
2.109375
2.453125
1.8515625
1.8203125
1.4921875
1.3125
2.296875
2.359375
1.875
1.96875
1.8203125
1.6015625
1.9375
1.921875
1.78125
1.84375
2.484375
1.8984375
1.78125
1.984375
2.453125
2.40625
2.0625
2.640625
1.7890625
1.828125
2.53125
1.8125
2.0
1.7421875
2.171875
1.8046875
2.015625
2.671875
1.6484375
1.8125
1.78125
2.140625
2.28125
2.671875
1.875
1.765625
2.09375
2.078125
2.484375
2.265625
1.890625
2.0625
1.984375
2.171875
2.078125
2.0
2.375
2.296875
1.7578125
2.359375
1.7265625
2.03125
2.03125
2.625
2.0
1.953125
1.6484375
2.09375
2.59375
2.1875
2.5625
2.21875
2.5625
1.953125
2.46875
1.7578125
1.65625
2.078125
2.140625
1.984375
1.765625
1.7421875
2.125
1.6640625
1.9453125
1.578125
2.21875
2.015625
2.15625
1.8125
1.7734375
2.421875
1.7421875
1.5390625
1.8046875
2.140625
1.921875
2.328125
2.390625
2.46875
2.546875
1.828125
1.859375
2.21875
2.40625
2.15625
2.40625
2.40625
2.09375
2.234375
1.8203125
2.6875
1.6875
1.625
1.859375
2.25
2.375
1.921875
1.8828125
2.625
2.375
1.96875
1.546875
1.8671875
2.15625
1.484375
1.765625
1.4609375
1.8359375
2.171875
2.15625
2.09375
2.015625
2.15625
2.03125
1.875
2.171875
2.046875
1.78125
2.265625
2.0625
1.8984375
1.5234375
1.6875
1.765625
1.59375
1.703125
2.015625
2.234375
2.34375
2.078125
1.9453125
1.9140625
2.28125
2.203125
1.7734375
2.109375
2.703125
1.7578125
1.6875
1.984375
2.40625
1.640625
2.40625
2.078125
2.28125
1.6875
2.5625
1.9140625
1.75
1.875
1.734375
1.6640625
2.578125
2.578125
2.296875
1.640625
1.6640625
2.015625
2.03125
1.5390625
2.25
2.09375
1.9453125
1.6015625
1.2734375
2.453125
2.46875
1.71875
2.046875
1.734375
1.96875
1.921875
1.6484375
2.28125
2.09375
1.9609375
1.8515625
1.6015625
1.453125
2.015625
2.03125
1.46875
2.03125
1.4765625
1.859375
2.265625
2.078125
2.046875
2.390625
2.078125
1.9609375
2.015625
2.40625
1.8828125
1.53125
2.109375
1.96875
2.046875
2.046875
2.015625
2.453125
1.90625
2.1875
2.015625
2.1875
1.984375
2.046875
2.125
2.375
2.6875
2.296875
2.15625
2.09375
2.34375
1.7109375
2.375
1.9453125
2.34375
1.515625
1.8359375
2.359375
2.015625
2.609375
2.640625
1.46875
2.046875
2.109375
2.125
1.9140625
1.96875
1.7265625
1.7734375
1.984375
2.078125
2.171875
2.28125
2.0625
2.125
1.59375
1.6875
1.640625
1.984375
2.21875
2.34375
2.40625
1.8359375
1.890625
1.7890625
2.46875
1.9453125
1.75
1.6171875
2.234375
2.015625
1.609375
1.9140625
1.8203125
1.890625
2.140625
1.328125
2.21875
2.15625
2.25
2.59375
1.875
1.8046875
1.828125
2.421875
2.109375
2.421875
2.578125
1.5625
1.890625
2.375
1.2734375
2.234375
2.46875
2.46875
2.3125
2.375
2.40625
2.0625
1.75
1.703125
1.7578125
1.6953125
2.171875
2.046875
1.9765625
2.359375
1.65625
2.265625
1.703125
2.6875
2.125
2.484375
2.046875
1.8359375
2.421875
1.640625
1.9140625
1.9921875
1.8828125
1.796875
2.03125
1.859375
2.046875
1.625
1.9140625
2.46875
2.453125
2.171875
2.078125
1.640625
2.21875
2.171875
1.78125
1.9296875
1.84375
2.0
2.265625
1.640625
1.2890625
1.8828125
1.9296875
2.359375
1.8984375
1.8359375
2.078125
1.671875
2.015625
2.25
2.25
2.265625
2.171875
2.0
1.9765625
1.5625
1.53125
2.109375
1.828125
1.8046875
1.484375
1.46875
1.4921875
2.140625
2.125
2.046875
1.640625
2.609375
2.125
1.96875
2.15625
1.4609375
1.859375
2.1875
1.8671875
1.953125
2.1875
2.015625
1.5625
1.7734375
2.078125
1.484375
1.71875
2.296875
2.015625
1.7578125
1.5859375
2.3125
1.4609375
1.5703125
2.40625
1.5078125
2.046875
1.8984375
1.953125
2.265625
1.78125
1.625
1.5546875
1.59375
1.734375
2.15625
1.7109375
2.40625
2.390625
2.25
2.171875
2.0625
2.328125
1.5390625
2.140625
2.171875
2.15625
1.8203125
2.25
1.9921875
2.390625
2.640625
1.71875
2.15625
1.828125
1.8359375
2.109375
2.3125
2.03125
1.984375
2.015625
2.390625
2.140625
1.21875
1.6015625
1.8359375
2.609375
1.8046875
1.953125
1.765625
1.7734375
1.5625
1.875
1.6640625
2.71875
2.140625
1.7109375
1.9296875
1.65625
2.40625
1.5625
1.9453125
2.109375
1.484375
1.96875
1.953125
1.8203125
2.140625
1.6171875
2.3125
1.5703125
2.078125
1.703125
2.03125
1.515625
2.234375
1.65625
2.765625
2.390625
2.109375
1.6640625
1.609375
2.125
1.796875
2.125
2.125
2.28125
1.9609375
2.015625
2.078125
1.921875
1.6875
2.03125
2.15625
1.546875
1.6171875
2.125
1.765625
2.375
1.7734375
1.9375
2.15625
1.75
2.078125
1.9296875
1.84375
2.875
2.421875
1.5390625
2.09375
1.75
2.125
2.203125
1.6796875
2.125
1.875
1.4296875
1.859375
1.78125
2.25
1.3359375
1.796875
1.703125
2.03125
2.125
2.53125
1.9296875
1.765625
2.0625
2.0625
2.234375
2.328125
2.0625
1.71875
2.0
2.5
1.75
2.4375
1.7421875
1.6171875
1.890625
1.53125
1.515625
2.015625
1.859375
1.9453125
2.34375
2.375
1.8828125
2.140625
2.46875
2.3125
1.640625
2.46875
2.234375
2.140625
2.171875
2.265625
2.140625
1.640625
1.9140625
1.34375
1.9296875
2.109375
1.6953125
1.9375
2.390625
1.921875
2.0
2.09375
2.0625
1.6640625
2.421875
1.7265625
2.078125
2.453125
1.515625
2.0625
1.5859375
1.5859375
1.46875
1.8046875
2.328125
2.328125
1.8046875
2.109375
1.90625
2.15625
2.09375
2.078125
2.359375
2.453125
1.578125
1.921875
1.75
1.671875
2.109375
1.734375
1.953125
1.75
1.9765625
1.515625
1.703125
2.484375
1.9140625
1.59375
1.5078125
1.984375
2.171875
2.453125
2.0625
1.6953125
1.8515625
1.671875
2.203125
2.09375
1.9921875
2.296875
1.7109375
2.21875
2.25
1.9140625
1.90625
2.1875
2.25
1.9140625
1.78125
2.375
1.5078125
2.25
1.84375
2.1875
2.34375
1.4921875
2.296875
2.171875
1.84375
1.9609375
2.125
1.75
2.0
2.03125
1.796875
1.6328125
2.015625
2.03125
1.828125
2.015625
2.296875
2.0625
1.828125
1.65625
1.4453125
1.671875
1.640625
1.984375
1.5078125
2.03125
1.4609375
2.0
1.6875
1.453125
2.234375
2.0
2.265625
2.046875
1.75
1.6484375
2.21875
1.8125
2.0625
2.40625
1.953125
1.8671875
2.5
2.03125
1.7109375
2.1875
2.421875
1.640625
2.421875
1.7734375
2.359375
1.5703125
1.453125
1.6640625
2.609375
2.125
1.6484375
2.578125
1.890625
2.0625
1.890625
1.9609375
2.25
2.546875
1.53125
1.8984375
2.0
2.15625
1.984375
1.6015625
2.015625
1.8125
1.8515625
1.3125
2.0625
1.7578125
2.3125
1.875
1.6328125
1.9296875
2.1875
1.7421875
1.5078125
2.0625
1.6015625
1.8828125
1.734375
1.96875
1.9921875
2.28125
1.3515625
2.1875
2.171875
2.59375
2.03125
1.8515625
1.578125
2.265625
2.578125
1.8671875
2.125
1.7109375
2.5
1.71875
2.0
1.6015625
1.859375
2.265625
1.8515625
1.75
2.578125
1.921875
1.9453125
2.09375
1.6953125
1.6640625
2.25
2.125
1.4921875
1.625
1.5078125
1.875
1.8203125
1.9296875
2.109375
1.5390625
2.265625
1.625
1.8046875
2.203125
1.6875
2.09375
1.6015625
2.28125
1.7421875
1.9765625
2.421875
1.875
2.171875
2.296875
2.15625
1.953125
1.9296875
2.140625
1.8359375
1.6953125
1.65625
1.9453125
2.140625
1.828125
1.796875
1.8515625
2.578125
2.03125
2.078125
1.984375
2.59375
1.671875
1.609375
1.7578125
2.28125
1.796875
1.7734375
2.03125
1.84375
1.8125
2.109375
2.546875
1.921875
2.390625
2.203125
2.328125
1.765625
2.40625
1.9453125
1.8046875
1.6875
2.21875
1.953125
1.921875
1.78125
2.140625
1.96875
2.40625
2.015625
1.875
2.21875
2.015625
1.421875
2.0
1.953125
1.609375
2.046875
2.015625
1.890625
1.96875
1.84375
2.078125
2.140625
2.125
2.046875
1.875
1.859375
1.578125
2.1875
2.078125
2.296875
2.859375
2.3125
2.25
1.734375
1.7734375
1.8203125
1.8359375
2.484375
1.6640625
1.984375
1.6875
2.421875
1.9609375
1.375
1.7421875
1.8984375
2.046875
2.1875
1.5390625
1.4609375
1.6015625
1.7890625
1.75
1.609375
2.125
2.0625
1.421875
2.03125
2.09375
2.21875
2.265625
1.8046875
2.703125
1.875
1.6953125
1.5078125
1.5078125
1.8046875
2.421875
2.125
2.4375
1.875
2.171875
2.421875
1.90625
1.96875
2.4375
1.828125
1.6640625
2.0
2.03125
2.046875
2.1875
1.625
1.921875
1.796875
1.5625
2.28125
2.4375
1.9296875
2.140625
2.34375
2.125
1.984375
1.828125
1.96875
1.6796875
2.078125
2.015625
2.046875
2.484375
1.546875
2.21875
2.140625
2.171875
1.9375
1.8984375
2.390625
1.9765625
2.140625
2.03125
1.609375
2.015625
1.9296875
2.171875
2.1875
2.296875
1.5546875
1.8828125
1.84375
2.0
2.203125
1.734375
1.9609375
1.7890625
1.390625
1.71875
1.78125
1.59375
1.6640625
1.9921875
1.8515625
1.7265625
1.6796875
1.9375
1.953125
1.59375
2.21875
2.34375
2.0625
1.8984375
2.171875
2.078125
1.9453125
2.234375
1.5625
2.015625
2.21875
1.96875
1.5859375
1.5703125
2.4375
1.75
1.65625
2.34375
1.8515625
2.03125
1.5859375
2.09375
1.6015625
1.7734375
2.109375
2.28125
1.8203125
2.59375
2.28125
1.75
1.34375
1.8671875
1.7265625
1.6640625
2.015625
2.0625
1.9765625
2.40625
2.140625
1.4921875
2.0625
2.078125
2.125
2.03125
2.359375
2.0625
1.6328125
1.9609375
1.8125
1.984375
1.671875
2.34375
2.015625
1.875
2.03125
2.125
2.234375
2.09375
1.625
1.6484375
2.296875
2.421875
2.015625
1.7890625
1.625
2.265625
2.1875
1.546875
1.5078125
1.96875
2.0
1.6953125
2.0
1.5546875
2.21875
2.296875
2.625
2.390625
2.3125
1.8203125
2.203125
1.78125
1.859375
2.203125
2.203125
1.8671875
1.859375
1.484375
2.625
2.234375
2.15625
1.8203125
2.0
2.15625
2.1875
1.78125
1.9375
1.6328125
2.203125
2.4375
1.9296875
2.03125
2.0625
1.796875
1.5390625
1.59375
2.484375
2.34375
1.90625
1.5625
2.515625
1.96875
1.7578125
1.6953125
2.03125
1.9140625
1.703125
1.75
1.7109375
1.8984375
2.234375
1.7265625
2.046875
2.3125
2.625
1.7578125
1.890625
2.5625
1.7265625
2.40625
1.84375
2.265625
1.921875
2.171875
2.171875
1.8515625
1.421875
2.484375
2.53125
1.8828125
2.15625
1.6015625
1.8984375
2.265625
1.9140625
2.1875
1.8359375
1.7109375
2.328125
1.5234375
1.9453125
1.9375
2.125
1.6015625
1.59375
1.6953125
1.703125
1.9609375
1.609375
2.015625
1.546875
2.03125
2.234375
1.9921875
1.5546875
1.90625
2.15625
1.640625
1.484375
2.109375
2.078125
2.3125
2.515625
2.15625
1.6875
1.6640625
1.71875
2.015625
1.84375
1.8515625
1.8984375
1.7890625
2.234375
1.53125
2.140625
1.8359375
1.9375
1.78125
1.453125
2.015625
1.984375
2.109375
1.7578125
2.109375
1.8671875
1.9140625
1.8203125
1.78125
1.7421875
2.25
2.1875
1.8203125
2.171875
2.453125
1.3203125
2.015625
1.484375
2.359375
1.765625
2.015625
1.2890625
1.8046875
1.7578125
2.0625
2.296875
2.0
2.03125
2.125
1.65625
1.8125
1.875
1.765625
2.03125
2.046875
2.15625
2.296875
1.9140625
1.4765625
1.90625
2.3125
1.6796875
2.140625
1.8046875
1.890625
1.65625
1.5625
1.796875
1.6484375
2.140625
1.703125
2.421875
1.5
2.84375
1.78125
1.5390625
1.8125
1.5859375
1.625
2.421875
1.96875
2.015625
1.859375
1.796875
1.625
2.0625
2.1875
2.140625
1.609375
2.09375
2.328125
1.546875
2.078125
2.625
1.6015625
2.390625
1.9140625
1.71875
1.703125
1.6015625
1.6796875
1.671875
2.234375
1.9296875
1.265625
1.859375
1.6640625
2.5
2.21875
1.59375
1.78125
1.9453125
1.9296875
1.7265625
1.7578125
2.5
1.7890625
1.96875
2.34375
1.5703125
2.046875
1.859375
2.171875
1.9296875
1.5703125
1.609375
2.046875
2.6875
2.0625
1.453125
2.109375
1.9609375
1.40625
1.921875
2.34375
1.8828125
1.59375
1.7578125
2.296875
1.5546875
1.7578125
1.59375
1.828125
1.9375
2.015625
1.703125
1.8828125
2.234375
2.546875
1.8359375
1.8046875
2.015625
2.046875
1.78125
1.5390625
2.15625
1.8203125
1.890625
1.75
2.0625
2.390625
2.734375
2.71875
1.9375
2.0625
2.546875
2.0625
2.0625
1.9296875
1.4140625
2.015625
1.5859375
1.8359375
2.328125
1.953125
2.421875
2.296875
1.8984375
1.7734375
2.21875
2.5
1.5
1.2890625
2.421875
2.203125
1.953125
2.21875
2.6875
2.296875
2.1875
2.546875
1.84375
2.015625
2.21875
2.09375
1.8359375
2.21875
2.015625
2.34375
2.0625
1.3203125
2.109375
1.6953125
1.7734375
1.546875
1.6796875
1.5625
2.21875
1.4375
1.8359375
2.078125
2.078125
2.171875
1.6484375
1.9140625
1.625
1.9921875
2.125
1.890625
1.890625
2.4375
2.203125
2.390625
1.6328125
2.125
2.125
1.703125
1.96875
2.203125
1.484375
1.5703125
1.8515625
2.21875
2.015625
1.3671875
2.3125
1.8828125
1.71875
1.5390625
2.28125
1.7109375
1.7890625
1.6953125
1.9453125
1.6875
1.71875
2.21875
2.1875
1.7109375
2.390625
1.6171875
2.0625
1.84375
2.578125
1.90625
1.78125
2.09375
2.40625
2.453125
2.125
2.3125
2.453125
1.9453125
1.734375
1.6171875
1.890625
1.515625
2.46875
1.921875
1.59375
2.265625
2.46875
2.0625
1.65625
2.25
2.046875
1.9765625
1.9921875
1.953125
1.71875
1.5546875
1.703125
2.015625
1.6171875
1.90625
2.109375
2.328125
2.03125
1.71875
1.953125
1.5234375
2.171875
1.9140625
