4.90625
3.59375
5.0625
1.859375
5.75
4.53125
1.390625
2.421875
1.265625
5.03125
3.921875
4.34375
4.21875
3.25
2.578125
2.921875
2.015625
3.765625
3.453125
4.71875
4.53125
4.78125
4.53125
2.8125
4.3125
3.0625
3.5625
3.203125
5.4375
3.53125
5.15625
3.828125
5.78125
3.6875
4.625
3.34375
3.171875
2.078125
4.875
1.421875
5.0625
2.609375
4.3125
2.3125
3.625
3.5
5.9375
2.1875
3.34375
4.1875
4.8125
3.515625
3.875
2.71875
4.3125
2.546875
3.421875
4.46875
3.953125
4.375
1.3515625
3.59375
3.75
4.75
5.125
3.078125
4.34375
4.34375
3.453125
6.28125
3.875
3.9375
4.0625
4.03125
5.09375
6.9375
3.75
4.0625
3.84375
3.5625
4.125
2.5
3.453125
1.9453125
2.96875
2.125
0.890625
3.359375
6.75
3.109375
4.375
4.03125
2.140625
4.21875
2.890625
4.03125
3.03125
3.421875
5.15625
3.296875
3.0625
3.71875
1.2890625
3.3125
4.25
3.078125
3.234375
1.7734375
2.421875
2.453125
4.84375
1.609375
2.3125
3.015625
3.078125
2.0625
2.984375
3.59375
2.109375
1.5625
3.21875
4.21875
5.40625
2.40625
3.0
5.0
4.15625
4.46875
2.859375
5.75
3.578125
3.640625
2.9375
3.1875
4.0
1.953125
4.53125
4.34375
4.03125
6.0
2.65625
3.3125
2.734375
5.1875
5.375
5.8125
4.5
5.0
2.78125
3.125
2.8125
2.125
3.765625
5.90625
4.90625
5.5
6.21875
3.484375
2.75
3.328125
4.0
6.625
0.98046875
4.90625
4.875
6.125
4.625
3.296875
5.3125
2.734375
4.78125
2.6875
2.484375
4.3125
4.96875
4.15625
4.75
4.6875
3.53125
3.078125
5.25
4.0625
4.625
4.875
3.4375
5.5625
3.15625
4.5625
5.875
4.4375
5.25
3.421875
3.890625
3.75
5.4375
4.71875
4.40625
5.34375
5.15625
4.9375
6.96875
6.71875
5.125
4.78125
4.4375
5.28125
4.75
5.4375
5.9375
5.03125
6.3125
6.4375
5.59375
3.578125
4.6875
5.0625
5.375
4.34375
6.8125
6.3125
5.9375
5.71875
5.6875
5.125
6.125
2.921875
7.0
5.0
6.46875
4.46875
7.03125
5.78125
5.6875
5.5
7.0
4.84375
6.375
5.84375
6.28125
5.8125
6.375
6.3125
3.6875
6.0625
6.125
6.5
6.5625
4.90625
7.03125
4.46875
5.28125
5.90625
6.6875
6.40625
6.0625
5.90625
5.6875
6.8125
7.5625
7.0
6.15625
6.78125
6.4375
5.03125
6.96875
6.40625
5.15625
6.0625
6.9375
6.125
7.25
6.875
5.75
6.625
7.21875
6.4375
6.125
7.1875
7.0625
5.875
7.25
6.875
6.40625
6.75
4.71875
6.625
6.40625
6.375
6.4375
7.4375
7.28125
6.65625
5.9375
6.59375
7.1875
5.78125
6.84375
6.75
6.78125
6.4375
7.0625
6.875
6.9375
7.4375
7.75
6.75
6.03125
5.625
6.84375
6.4375
6.8125
5.78125
6.78125
7.1875
7.15625
7.40625
7.0
7.1875
6.46875
6.6875
6.90625
6.4375
7.09375
6.5
6.96875
6.84375
6.84375
7.65625
6.5
7.0625
6.8125
6.25
7.125
7.0
6.84375
6.25
6.71875
6.75
6.625
6.9375
7.0
7.34375
6.75
7.0
5.9375
7.40625
6.5625
7.15625
7.03125
7.3125
6.4375
6.6875
7.5
7.28125
6.46875
6.8125
6.34375
6.9375
6.25
7.1875
7.5625
7.1875
7.1875
6.46875
7.3125
7.4375
6.5
7.375
6.8125
6.5
6.875
6.46875
6.6875
6.6875
6.5625
7.3125
6.625
6.1875
7.0625
7.25
7.84375
6.875
7.1875
7.15625
6.90625
6.8125
6.75
6.5625
6.8125
7.3125
7.34375
7.1875
6.625
6.375
7.0625
5.6875
7.375
7.0625
6.59375
7.0
7.15625
6.09375
6.5625
6.5625
7.1875
7.5
7.25
6.5625
6.6875
6.875
7.1875
6.28125
7.6875
5.8125
6.625
7.5
7.0
7.40625
7.1875
6.1875
6.875
7.625
6.78125
6.3125
5.15625
5.71875
5.625
6.65625
6.34375
6.6875
7.125
6.90625
6.5
6.3125
7.1875
6.90625
6.25
7.3125
6.875
7.0
7.0625
6.75
7.15625
7.0
6.90625
7.125
7.1875
6.40625
6.78125
7.0
6.90625
7.46875
6.625
6.28125
7.34375
7.25
6.71875
6.75
7.09375
6.28125
6.875
7.375
6.65625
7.1875
7.375
6.65625
7.0625
7.28125
7.0
7.125
7.0625
6.59375
6.96875
6.875
6.5625
7.15625
7.34375
7.1875
6.9375
6.4375
7.25
6.6875
6.59375
6.125
7.4375
6.8125
6.5625
7.125
7.09375
7.0625
5.84375
7.15625
7.1875
6.96875
7.125
7.0
6.6875
6.375
7.1875
6.09375
7.09375
6.90625
6.8125
7.125
6.8125
7.0
6.40625
6.8125
7.3125
6.75
7.125
6.8125
7.28125
6.84375
7.4375
7.1875
7.25
7.0625
6.5
7.5
6.75
7.0625
7.1875
7.1875
6.0
6.34375
7.375
6.9375
6.6875
6.96875
6.5625
6.8125
7.0
6.28125
6.9375
7.0625
7.125
6.84375
7.1875
6.53125
7.21875
6.9375
7.5
5.125
7.03125
7.125
7.21875
7.25
6.375
6.96875
6.875
6.875
7.125
7.0
7.3125
6.90625
7.03125
7.3125
6.46875
6.75
6.5
7.375
7.15625
7.0
7.0
7.0
7.0625
7.3125
6.09375
6.78125
6.625
6.53125
6.9375
7.125
6.875
6.9375
7.0625
6.84375
6.46875
6.96875
7.125
6.9375
7.25
7.0625
7.0
7.3125
6.75
7.625
7.0
7.15625
6.71875
6.75
7.21875
5.5
6.84375
6.9375
7.40625
7.0
7.0
7.125
7.28125
7.0625
6.9375
7.4375
6.03125
7.5625
7.21875
6.84375
7.1875
7.4375
7.125
5.5
6.4375
7.3125
7.375
6.9375
6.6875
6.78125
6.75
7.0625
6.53125
6.9375
7.09375
7.21875
7.15625
6.125
6.53125
7.0625
7.0625
7.21875
7.03125
6.375
7.03125
7.09375
7.25
7.1875
6.875
7.25
7.40625
7.0625
7.40625
7.125
5.125
6.78125
7.21875
7.0625
7.1875
6.75
7.0
7.03125
6.625
6.46875
7.59375
7.375
7.1875
7.125
5.46875
7.0625
6.53125
7.1875
6.78125
7.0625
6.28125
7.0
6.96875
6.78125
6.75
7.0
7.09375
6.90625
7.1875
6.625
7.1875
7.25
6.0625
7.1875
7.0625
6.6875
6.9375
6.84375
6.6875
7.125
6.5
7.0625
7.21875
6.65625
4.75
6.9375
6.90625
7.0625
6.9375
6.84375
6.53125
6.6875
6.625
7.0
6.8125
7.34375
5.875
7.25
7.3125
7.21875
6.5625
6.65625
7.4375
6.8125
7.3125
7.3125
6.25
6.5625
7.15625
6.78125
7.125
7.0
7.0
6.78125
6.96875
6.90625
7.0625
7.34375
6.8125
7.0
7.5625
7.0625
7.40625
6.25
6.65625
7.40625
6.75
6.9375
7.03125
7.125
7.25
6.8125
6.875
6.6875
7.15625
6.875
7.3125
7.0625
6.96875
6.75
7.0
7.0625
6.71875
6.59375
7.5
6.4375
6.75
6.71875
7.125
6.8125
6.5625
6.8125
6.78125
6.375
6.9375
5.59375
6.1875
7.125
7.0
6.875
7.21875
7.125
6.59375
6.65625
6.8125
6.9375
6.6875
7.1875
6.625
7.125
6.9375
6.96875
6.9375
7.28125
6.8125
6.3125
6.9375
6.0
6.96875
7.25
7.15625
6.1875
6.40625
6.5
7.21875
6.8125
6.59375
7.03125
6.8125
7.03125
7.40625
6.34375
6.9375
6.6875
7.21875
5.1875
4.875
6.75
7.5
7.625
7.375
6.5
6.75
6.9375
6.65625
